// Jest Snapshot v1, https://goo.gl/fbAQLP

exports[`DetailsLoading Renders a details error view 1`] = `
<DocumentFragment>
  <section
    class="PodBrowser-centeredSection"
  >
    <h3
      class="PodBrowser-content-h3"
      title=""
    >
      null
    </h3>
  </section>
  <hr
    class="PodBrowser-root"
  />
  <div
    class="PodBrowser-loading-indicator-container PodBrowser-loading-indicator-container--center"
  >
    <svg
      class="PodBrowser-loading-indicator"
      data-testid="spinner"
      viewBox="22 22 44 44"
    >
      <circle
        cx="44"
        cy="44"
        fill="none"
        r="20.2"
        stroke-width="3.6"
      />
    </svg>
  </div>
</DocumentFragment>
`;
