// Jest Snapshot v1, https://goo.gl/fbAQLP

exports[`ContactsList renders error if useAddressBook returns error 1`] = `
<DocumentFragment>
  error
</DocumentFragment>
`;

exports[`ContactsList renders error if useContacts returns error 1`] = `
<DocumentFragment>
  error
</DocumentFragment>
`;

exports[`ContactsList renders page when people is loaded 1`] = `
<DocumentFragment>
  <div
    class="PodBrowser-page-header"
  >
    <h1
      class="PodBrowser-page-header__title"
    >
      Contacts
    </h1>
    <div
      class="PodBrowser-page-header__content"
    >
      <div
        aria-expanded="false"
        class="PodBrowser-root PodBrowser-search PodBrowser-hasClearIcon"
        role="combobox"
      >
        <div
          class="PodBrowser-root PodBrowser-root PodBrowser-marginDense PodBrowser-fullWidth"
        >
          <div
            class="PodBrowser-root PodBrowser-root PodBrowser-inputRoot PodBrowser-searchInput PodBrowser-fullWidth PodBrowser-formControl PodBrowser-adornedEnd PodBrowser-adornedEnd PodBrowser-marginDense PodBrowser-marginDense"
          >
            <input
              aria-autocomplete="list"
              aria-invalid="false"
              autocapitalize="none"
              autocomplete="off"
              class="PodBrowser-input PodBrowser-input PodBrowser-input PodBrowser-inputFocused PodBrowser-inputAdornedEnd PodBrowser-inputAdornedEnd PodBrowser-inputMarginDense PodBrowser-inputMarginDense"
              data-testid="contacts-search"
              id="ContactsSearch"
              spellcheck="false"
              type="text"
              value=""
            />
            <div
              class="PodBrowser-endAdornment"
            >
              <button
                aria-label="Clear"
                class="PodBrowser-root PodBrowser-root PodBrowser-clearIndicator"
                tabindex="-1"
                title="Clear"
                type="button"
              >
                <span
                  class="PodBrowser-label"
                >
                  <svg
                    aria-hidden="true"
                    class="PodBrowser-root PodBrowser-fontSizeSmall"
                    focusable="false"
                    viewBox="0 0 24 24"
                  >
                    <path
                      d="M19 6.41L17.59 5 12 10.59 6.41 5 5 6.41 10.59 12 5 17.59 6.41 19 12 13.41 17.59 19 19 17.59 13.41 12z"
                    />
                  </svg>
                </span>
                <span
                  class="PodBrowser-root"
                />
              </button>
            </div>
            <fieldset
              aria-hidden="true"
              class="PodBrowser-root PodBrowser-notchedOutline"
              style="padding-left: 8px;"
            >
              <legend
                class="PodBrowser-legend"
                style="width: 0.01px;"
              >
                <span>
                  â€‹
                </span>
              </legend>
            </fieldset>
          </div>
        </div>
      </div>
    </div>
    <div
      class="PodBrowser-page-header__toolbar"
    >
      <a
        class="PodBrowser-page-header__action"
        href="/contacts/add"
      >
        Add new contact
      </a>
    </div>
  </div>
  <div
    class="PodBrowser-drawer-container"
  >
    <div
      class="PodBrowser-drawer-container__content"
    >
      <table
        class="PodBrowser-table  PodBrowser-table--inherits PodBrowser-table"
        role="table"
      >
        <thead>
          <tr
            role="row"
          >
            <th
              colspan="1"
              role="columnheader"
            />
            <th
              colspan="1"
              role="columnheader"
              style="cursor: pointer;"
              title="Toggle SortBy"
            >
              Name
            </th>
          </tr>
        </thead>
        <tbody
          role="rowgroup"
        >
          <tr
            class="PodBrowser-table__body-row PodBrowser-table__body-row--selectable"
            role="row"
            tabindex="0"
          >
            <td
              role="cell"
            >
              <div
                class="PodBrowser-root PodBrowser-circle PodBrowser-avatar PodBrowser-colorDefault"
              >
                <svg
                  aria-hidden="true"
                  class="PodBrowser-root PodBrowser-fallback"
                  focusable="false"
                  viewBox="0 0 24 24"
                >
                  <path
                    d="M12 12c2.21 0 4-1.79 4-4s-1.79-4-4-4-4 1.79-4 4 1.79 4 4 4zm0 2c-2.67 0-8 1.34-8 4v2h16v-2c0-2.66-5.33-4-8-4z"
                  />
                </svg>
              </div>
            </td>
            <td
              role="cell"
            >
              <a
                href="/contacts/http%3A%2F%2Fexample.com%2Falice%23me"
              >
                Alice
              </a>
            </td>
          </tr>
          <tr
            class="PodBrowser-table__body-row PodBrowser-table__body-row--selectable"
            role="row"
            tabindex="0"
          >
            <td
              role="cell"
            >
              <div
                class="PodBrowser-root PodBrowser-circle PodBrowser-avatar PodBrowser-colorDefault"
              >
                <svg
                  aria-hidden="true"
                  class="PodBrowser-root PodBrowser-fallback"
                  focusable="false"
                  viewBox="0 0 24 24"
                >
                  <path
                    d="M12 12c2.21 0 4-1.79 4-4s-1.79-4-4-4-4 1.79-4 4 1.79 4 4 4zm0 2c-2.67 0-8 1.34-8 4v2h16v-2c0-2.66-5.33-4-8-4z"
                  />
                </svg>
              </div>
            </td>
            <td
              role="cell"
            >
              <a
                href="/contacts/http%3A%2F%2Fexample.com%2Fbob%23me"
              >
                Bob
              </a>
            </td>
          </tr>
        </tbody>
      </table>
    </div>
    <section
      class="PodBrowser-drawer"
    >
      <div
        class="PodBrowser-drawer__content"
      >
        <div
          class="PodBrowser-drawer__content-wrapper"
        >
          <div
            class="PodBrowser-drawer__article"
          >
            <button
              class="PodBrowser-button PodBrowser-button--text"
            >
              <span
                class="PodBrowser-icon-cancel"
              />
               Close
            </button>
          </div>
          <div
            class="PodBrowser-root PodBrowser-root PodBrowser-expanded PodBrowser-elevation1"
          >
            <div
              aria-disabled="false"
              aria-expanded="true"
              class="PodBrowser-root PodBrowser-root PodBrowser-expanded"
              role="button"
              tabindex="0"
            >
              <div
                class="PodBrowser-content PodBrowser-expanded"
              >
                Actions
              </div>
              <div
                aria-disabled="false"
                aria-hidden="true"
                class="PodBrowser-root PodBrowser-root PodBrowser-expandIcon PodBrowser-expanded PodBrowser-edgeEnd"
              >
                <span
                  class="PodBrowser-label"
                >
                  <svg
                    aria-hidden="true"
                    class="PodBrowser-root"
                    focusable="false"
                    viewBox="0 0 24 24"
                  >
                    <path
                      d="M16.59 8.59L12 13.17 7.41 8.59 6 10l6 6 6-6z"
                    />
                  </svg>
                </span>
                <span
                  class="PodBrowser-root"
                />
              </div>
            </div>
            <div
              class="PodBrowser-container PodBrowser-entered"
              style="min-height: 0px;"
            >
              <div
                class="PodBrowser-wrapper"
              >
                <div
                  class="PodBrowser-wrapperInner"
                >
                  <div
                    role="region"
                  >
                    <div
                      class="PodBrowser-root"
                    >
                      <ul
                        class="PodBrowser-action-menu"
                      >
                        <li
                          class="PodBrowser-action-menu__item"
                        >
                          <a
                            href="/contacts"
                          >
                            View Profile
                          </a>
                        </li>
                        <li
                          class="PodBrowser-action-menu__item"
                        >
                          <button
                            class="PodBrowser-action-menu__trigger PodBrowser-action-menu__trigger--danger"
                            data-testid="delete-button"
                            type="button"
                          >
                            Delete
                          </button>
                        </li>
                      </ul>
                    </div>
                  </div>
                </div>
              </div>
            </div>
          </div>
        </div>
      </div>
    </section>
  </div>
</DocumentFragment>
`;

exports[`ContactsList renders spinner while useAddressBook is loading 1`] = `
<DocumentFragment>
  <div
    class="PodBrowser-loading-indicator-container PodBrowser-loading-indicator-container--center"
  >
    <svg
      class="PodBrowser-loading-indicator"
      data-testid="spinner"
      viewBox="22 22 44 44"
    >
      <circle
        cx="44"
        cy="44"
        fill="none"
        r="20.2"
        stroke-width="3.6"
      />
    </svg>
  </div>
</DocumentFragment>
`;

exports[`ContactsList renders spinner while useContacts is loading 1`] = `
<DocumentFragment>
  <div
    class="PodBrowser-loading-indicator-container PodBrowser-loading-indicator-container--center"
  >
    <svg
      class="PodBrowser-loading-indicator"
      data-testid="spinner"
      viewBox="22 22 44 44"
    >
      <circle
        cx="44"
        cy="44"
        fill="none"
        r="20.2"
        stroke-width="3.6"
      />
    </svg>
  </div>
</DocumentFragment>
`;

exports[`ContactsList renders spinner while useProfiles is loading 1`] = `
<DocumentFragment>
  <div
    class="PodBrowser-loading-indicator-container PodBrowser-loading-indicator-container--center"
  >
    <svg
      class="PodBrowser-loading-indicator"
      data-testid="spinner"
      viewBox="22 22 44 44"
    >
      <circle
        cx="44"
        cy="44"
        fill="none"
        r="20.2"
        stroke-width="3.6"
      />
    </svg>
  </div>
</DocumentFragment>
`;
