// Jest Snapshot v1, https://goo.gl/fbAQLP

exports[`AddContact it renders a spinner when user is not logged in 1`] = `
<DocumentFragment>
  <div
    class="PodBrowser-loading-indicator-container PodBrowser-loading-indicator-container--center"
  >
    <svg
      class="PodBrowser-loading-indicator"
      data-testid="spinner"
      viewBox="22 22 44 44"
    >
      <circle
        cx="44"
        cy="44"
        fill="none"
        r="20.2"
        stroke-width="3.6"
      />
    </svg>
  </div>
</DocumentFragment>
`;

exports[`AddContact it renders the Add Contact form 1`] = `
<DocumentFragment>
  <div
    class="PodBrowser-container"
  >
    <nav
      class="PodBrowser-back-to-nav"
    >
      <span
        class="PodBrowser-icon-caret-left PodBrowser-back-to-nav__caret"
      />
      <a
        class="PodBrowser-back-to-nav__link"
        href="/contacts"
      >
        Back to contacts
      </a>
    </nav>
    <h3>
      Add new contact
    </h3>
    <form
      class="PodBrowser-form"
    >
      <label
        class="PodBrowser-label"
      >
        WebID
      </label>
      <input
        class="PodBrowser-input"
        id="id1"
        pattern="https://.+"
        title="Must start with https://"
        type="url"
        value=""
      />
      <button
        class="PodBrowser-button"
        data-testid="add-agent-button"
        type="submit"
      >
        Add Contact
      </button>
    </form>
  </div>
</DocumentFragment>
`;
