// Jest Snapshot v1, https://goo.gl/fbAQLP

exports[`BookmarksList it renders a list of bookmarks 1`] = `
<DocumentFragment>
  <div
    class="PodBrowser-page-header"
  >
    <h1
      class="PodBrowser-page-header__title"
    >
      Bookmarks
    </h1>
    <div
      class="PodBrowser-page-header__content"
    >
      <div
        class="PodBrowser-root PodBrowser-root PodBrowser-search PodBrowser-marginDense"
      >
        <div
          class="PodBrowser-root PodBrowser-root PodBrowser-searchInput PodBrowser-formControl PodBrowser-marginDense PodBrowser-marginDense"
        >
          <input
            aria-invalid="false"
            class="PodBrowser-input PodBrowser-input PodBrowser-inputMarginDense PodBrowser-inputMarginDense"
            type="text"
            value=""
          />
          <fieldset
            aria-hidden="true"
            class="PodBrowser-root PodBrowser-notchedOutline"
            style="padding-left: 8px;"
          >
            <legend
              class="PodBrowser-legend"
              style="width: 0.01px;"
            >
              <span>
                â€‹
              </span>
            </legend>
          </fieldset>
        </div>
      </div>
    </div>
    <div
      class="PodBrowser-page-header__toolbar"
    />
  </div>
  <div
    class="PodBrowser-container"
  >
    <table
      class="PodBrowser-table  PodBrowser-table--inherits PodBrowser-table"
      role="table"
    >
      <thead>
        <tr
          role="row"
        >
          <th
            colspan="1"
            role="columnheader"
          />
          <th
            colspan="1"
            role="columnheader"
            style="cursor: pointer;"
            title="Toggle SortBy"
          >
            Name
          </th>
          <th
            colspan="1"
            role="columnheader"
          >
            URL
          </th>
        </tr>
      </thead>
      <tbody
        role="rowgroup"
      >
        <tr
          role="row"
        >
          <td
            role="cell"
          >
            <button
              class="PodBrowser-button PodBrowser-button--text PodBrowser-bookmark-button"
              data-testid="bookmark-button"
              type="button"
            >
              <i
                alt="bookmark button"
                aria-label="bookmark"
                class="PodBrowser-icon-star PodBrowser-bookmark-icon-selected"
              />
            </button>
          </td>
          <td
            role="cell"
          >
            <a
              class="PodBrowser-table__link"
              href="/resource/https%3A%2F%2Fexample.com%2Fcatgifs"
            >
              Cat gifs
            </a>
          </td>
          <td
            role="cell"
          >
            <a
              class="PodBrowser-table__link"
              href="/resource/https%3A%2F%2Fexample.com%2Fcatgifs"
            >
              https://example.com/catgifs
            </a>
          </td>
        </tr>
        <tr
          role="row"
        >
          <td
            role="cell"
          >
            <button
              class="PodBrowser-button PodBrowser-button--text PodBrowser-bookmark-button"
              data-testid="bookmark-button"
              type="button"
            >
              <i
                alt="bookmark button"
                aria-label="bookmark"
                class="PodBrowser-icon-star PodBrowser-bookmark-icon-selected"
              />
            </button>
          </td>
          <td
            role="cell"
          >
            <a
              class="PodBrowser-table__link"
              href="/resource/https%3A%2F%2Fexample.com%2Fdogvideos"
            >
              Dog videos
            </a>
          </td>
          <td
            role="cell"
          >
            <a
              class="PodBrowser-table__link"
              href="/resource/https%3A%2F%2Fexample.com%2Fdogvideos"
            >
              https://example.com/dogvideos
            </a>
          </td>
        </tr>
      </tbody>
    </table>
  </div>
</DocumentFragment>
`;

exports[`BookmarksList it renders a spinner if bookmarks are loading 1`] = `
<DocumentFragment>
  <div
    class="PodBrowser-loading-indicator-container PodBrowser-loading-indicator-container--center"
  >
    <svg
      class="PodBrowser-loading-indicator"
      data-testid="spinner"
      viewBox="22 22 44 44"
    >
      <circle
        cx="44"
        cy="44"
        fill="none"
        r="20.2"
        stroke-width="3.6"
      />
    </svg>
  </div>
</DocumentFragment>
`;
